Archive member included to satisfy reference by file (symbol)

/mnt/c/users/luiie/haniosOS/usr/share/arm-gnu-toolchain-13.2.Rel1-x86_64-arm-none-eabi/bin/../lib/gcc/arm-none-eabi/13.2.1/libgcc.a(_udivsi3.o)
                              ./build/lib/standardIO.o (__aeabi_uidiv)
/mnt/c/users/luiie/haniosOS/usr/share/arm-gnu-toolchain-13.2.Rel1-x86_64-arm-none-eabi/bin/../lib/gcc/arm-none-eabi/13.2.1/libgcc.a(_dvmd_tls.o)
                              /mnt/c/users/luiie/haniosOS/usr/share/arm-gnu-toolchain-13.2.Rel1-x86_64-arm-none-eabi/bin/../lib/gcc/arm-none-eabi/13.2.1/libgcc.a(_udivsi3.o) (__aeabi_idiv0)

There are no discarded input sections

Memory Configuration

Name             Origin             Length             Attributes
*default*        0x00000000         0xffffffff

Linker script and memory map

LOAD ./build/Entry.os
LOAD ./build/boot/Handler.o
LOAD ./build/boot/main.o
LOAD ./build/HAL/RealViewPB/Interrupt.o
LOAD ./build/HAL/RealViewPB/Registers.o
LOAD ./build/HAL/RealViewPB/Uart.o
LOAD ./build/HAL/RealViewPB/Timer.o
LOAD ./build/lib/standardLib.o
LOAD ./build/lib/standardIO.o
LOAD ./build/lib/ARMcpu.o
LOAD /mnt/c/users/luiie/haniosOS/usr/share/arm-gnu-toolchain-13.2.Rel1-x86_64-arm-none-eabi/bin/../lib/gcc/arm-none-eabi/13.2.1/libgcc.a
                0x00000000                        . = 0x0

.text           0x00000000     0x1060
 *(vector_start)
 *(.text .rodata)
 .text          0x00000000       0xd4 ./build/Entry.os
                0x00000000                vector_start
                0x0000003c                vector_end
 .text          0x000000d4       0x24 ./build/boot/Handler.o
                0x000000d4                IRQHandler
                0x000000f0                FIQHandler
 .text          0x000000f8      0x158 ./build/boot/main.o
                0x000000f8                main
 .rodata        0x00000250       0xa3 ./build/boot/main.o
 *fill*         0x000002f3        0x1 
 .text          0x000002f4      0x2f8 ./build/HAL/RealViewPB/Interrupt.o
                0x000002f4                HAL_INTERRUPT_init
                0x00000390                HAL_INTERRUPT_enable
                0x0000045c                HAL_INTERRUPT_disable
                0x00000530                HAL_INTERRUPT_register_handler
                0x00000568                HAL_INTERRUPT_run_handler
 .text          0x000005ec        0x0 ./build/HAL/RealViewPB/Registers.o
 .text          0x000005ec      0x1c8 ./build/HAL/RealViewPB/Uart.o
                0x000005ec                HAL_UART_init
                0x0000068c                HAL_UART_put_char
                0x000006e8                HAL_UART_get_char
 .text          0x000007b4      0x210 ./build/HAL/RealViewPB/Timer.o
                0x000007b4                HAL_TIMER_init
                0x00000958                HAL_TIMER_get1msCounter
 .text          0x000009c4       0x4c ./build/lib/standardLib.o
                0x000009c4                delay
 .text          0x00000a10      0x480 ./build/lib/standardIO.o
                0x00000a10                printingString
                0x00000a78                printingFormat
                0x00000ac8                printFormatString
                0x00000d7c                toASCII
 .rodata        0x00000e90        0x7 ./build/lib/standardIO.o
 *fill*         0x00000e97        0x1 
 .text          0x00000e98       0xb0 ./build/lib/ARMcpu.o
                0x00000e98                Enable_IRQ
                0x00000ec4                Disable_IRQ
                0x00000ef0                Enable_FIQ
                0x00000f1c                Disable_FIQ
 .text          0x00000f48      0x114 /mnt/c/users/luiie/haniosOS/usr/share/arm-gnu-toolchain-13.2.Rel1-x86_64-arm-none-eabi/bin/../lib/gcc/arm-none-eabi/13.2.1/libgcc.a(_udivsi3.o)
                0x00000f48                __udivsi3
                0x00000f48                __aeabi_uidiv
                0x0000103c                __aeabi_uidivmod
 .text          0x0000105c        0x4 /mnt/c/users/luiie/haniosOS/usr/share/arm-gnu-toolchain-13.2.Rel1-x86_64-arm-none-eabi/bin/../lib/gcc/arm-none-eabi/13.2.1/libgcc.a(_dvmd_tls.o)
                0x0000105c                __aeabi_ldiv0
                0x0000105c                __aeabi_idiv0

.glue_7         0x00001060        0x0
 .glue_7        0x00001060        0x0 linker stubs

.glue_7t        0x00001060        0x0
 .glue_7t       0x00001060        0x0 linker stubs

.vfp11_veneer   0x00001060        0x0
 .vfp11_veneer  0x00001060        0x0 linker stubs

.v4_bx          0x00001060        0x0
 .v4_bx         0x00001060        0x0 linker stubs

.iplt           0x00001060        0x0
 .iplt          0x00001060        0x0 ./build/Entry.os

.rel.dyn        0x00001060        0x0
 .rel.iplt      0x00001060        0x0 ./build/Entry.os

.data           0x00001060       0x10
 *(.data)
 .data          0x00001060        0x0 ./build/Entry.os
 .data          0x00001060        0x0 ./build/boot/Handler.o
 .data          0x00001060        0x0 ./build/boot/main.o
 .data          0x00001060        0x0 ./build/HAL/RealViewPB/Interrupt.o
 .data          0x00001060       0x10 ./build/HAL/RealViewPB/Registers.o
                0x00001060                Uart
                0x00001064                GicCpu
                0x00001068                GicDist
                0x0000106c                Timer
 .data          0x00001070        0x0 ./build/HAL/RealViewPB/Uart.o
 .data          0x00001070        0x0 ./build/HAL/RealViewPB/Timer.o
 .data          0x00001070        0x0 ./build/lib/standardLib.o
 .data          0x00001070        0x0 ./build/lib/standardIO.o
 .data          0x00001070        0x0 ./build/lib/ARMcpu.o
 .data          0x00001070        0x0 /mnt/c/users/luiie/haniosOS/usr/share/arm-gnu-toolchain-13.2.Rel1-x86_64-arm-none-eabi/bin/../lib/gcc/arm-none-eabi/13.2.1/libgcc.a(_udivsi3.o)
 .data          0x00001070        0x0 /mnt/c/users/luiie/haniosOS/usr/share/arm-gnu-toolchain-13.2.Rel1-x86_64-arm-none-eabi/bin/../lib/gcc/arm-none-eabi/13.2.1/libgcc.a(_dvmd_tls.o)

.igot.plt       0x00001070        0x0
 .igot.plt      0x00001070        0x0 ./build/Entry.os

.bss            0x00001070      0x800
 *(.bss)
 .bss           0x00001070        0x0 ./build/Entry.os
 .bss           0x00001070        0x0 ./build/boot/Handler.o
 .bss           0x00001070        0x0 ./build/boot/main.o
 .bss           0x00001070      0x3fc ./build/HAL/RealViewPB/Interrupt.o
 .bss           0x0000146c        0x0 ./build/HAL/RealViewPB/Registers.o
 .bss           0x0000146c        0x0 ./build/HAL/RealViewPB/Uart.o
 .bss           0x0000146c        0x4 ./build/HAL/RealViewPB/Timer.o
 .bss           0x00001470        0x0 ./build/lib/standardLib.o
 .bss           0x00001470      0x400 ./build/lib/standardIO.o
 .bss           0x00001870        0x0 ./build/lib/ARMcpu.o
 .bss           0x00001870        0x0 /mnt/c/users/luiie/haniosOS/usr/share/arm-gnu-toolchain-13.2.Rel1-x86_64-arm-none-eabi/bin/../lib/gcc/arm-none-eabi/13.2.1/libgcc.a(_udivsi3.o)
 .bss           0x00001870        0x0 /mnt/c/users/luiie/haniosOS/usr/share/arm-gnu-toolchain-13.2.Rel1-x86_64-arm-none-eabi/bin/../lib/gcc/arm-none-eabi/13.2.1/libgcc.a(_dvmd_tls.o)
OUTPUT(./build/hanios.axf elf32-littlearm)
LOAD linker stubs

.ARM.attributes
                0x00000000       0x2b
 .ARM.attributes
                0x00000000       0x1d ./build/Entry.os
 .ARM.attributes
                0x0000001d       0x2f ./build/boot/Handler.o
 .ARM.attributes
                0x0000004c       0x2f ./build/boot/main.o
 .ARM.attributes
                0x0000007b       0x2f ./build/HAL/RealViewPB/Interrupt.o
 .ARM.attributes
                0x000000aa       0x2f ./build/HAL/RealViewPB/Registers.o
 .ARM.attributes
                0x000000d9       0x2f ./build/HAL/RealViewPB/Uart.o
 .ARM.attributes
                0x00000108       0x2f ./build/HAL/RealViewPB/Timer.o
 .ARM.attributes
                0x00000137       0x2f ./build/lib/standardLib.o
 .ARM.attributes
                0x00000166       0x2f ./build/lib/standardIO.o
 .ARM.attributes
                0x00000195       0x2f ./build/lib/ARMcpu.o
 .ARM.attributes
                0x000001c4       0x1c /mnt/c/users/luiie/haniosOS/usr/share/arm-gnu-toolchain-13.2.Rel1-x86_64-arm-none-eabi/bin/../lib/gcc/arm-none-eabi/13.2.1/libgcc.a(_udivsi3.o)
 .ARM.attributes
                0x000001e0       0x1c /mnt/c/users/luiie/haniosOS/usr/share/arm-gnu-toolchain-13.2.Rel1-x86_64-arm-none-eabi/bin/../lib/gcc/arm-none-eabi/13.2.1/libgcc.a(_dvmd_tls.o)

.comment        0x00000000       0x44
 .comment       0x00000000       0x44 ./build/boot/Handler.o
                                 0x45 (size before relaxing)
 .comment       0x00000044       0x45 ./build/boot/main.o
 .comment       0x00000044       0x45 ./build/HAL/RealViewPB/Interrupt.o
 .comment       0x00000044       0x45 ./build/HAL/RealViewPB/Registers.o
 .comment       0x00000044       0x45 ./build/HAL/RealViewPB/Uart.o
 .comment       0x00000044       0x45 ./build/HAL/RealViewPB/Timer.o
 .comment       0x00000044       0x45 ./build/lib/standardLib.o
 .comment       0x00000044       0x45 ./build/lib/standardIO.o
 .comment       0x00000044       0x45 ./build/lib/ARMcpu.o

.debug_line     0x00000000      0x854
 .debug_line    0x00000000       0x7a ./build/Entry.os
 .debug_line    0x0000007a       0x63 ./build/boot/Handler.o
 .debug_line    0x000000dd       0xf8 ./build/boot/main.o
 .debug_line    0x000001d5      0x141 ./build/HAL/RealViewPB/Interrupt.o
 .debug_line    0x00000316       0x75 ./build/HAL/RealViewPB/Registers.o
 .debug_line    0x0000038b      0x114 ./build/HAL/RealViewPB/Uart.o
 .debug_line    0x0000049f       0xfd ./build/HAL/RealViewPB/Timer.o
 .debug_line    0x0000059c       0x8a ./build/lib/standardLib.o
 .debug_line    0x00000626      0x1c1 ./build/lib/standardIO.o
 .debug_line    0x000007e7       0x6d ./build/lib/ARMcpu.o

.debug_line_str
                0x00000000       0xdd
 .debug_line_str
                0x00000000       0xdd ./build/Entry.os
                                 0x2b (size before relaxing)
 .debug_line_str
                0x000000dd       0xb2 /mnt/c/users/luiie/haniosOS/usr/share/arm-gnu-toolchain-13.2.Rel1-x86_64-arm-none-eabi/bin/../lib/gcc/arm-none-eabi/13.2.1/libgcc.a(_udivsi3.o)
 .debug_line_str
                0x000000dd       0xb2 /mnt/c/users/luiie/haniosOS/usr/share/arm-gnu-toolchain-13.2.Rel1-x86_64-arm-none-eabi/bin/../lib/gcc/arm-none-eabi/13.2.1/libgcc.a(_dvmd_tls.o)

.debug_info     0x00000000     0x27af
 .debug_info    0x00000000       0x25 ./build/Entry.os
 .debug_info    0x00000025       0x8b ./build/boot/Handler.o
 .debug_info    0x000000b0      0x16b ./build/boot/main.o
 .debug_info    0x0000021b      0x5b3 ./build/HAL/RealViewPB/Interrupt.o
 .debug_info    0x000007ce      0xfc9 ./build/HAL/RealViewPB/Registers.o
 .debug_info    0x00001797      0x9a1 ./build/HAL/RealViewPB/Uart.o
 .debug_info    0x00002138      0x29f ./build/HAL/RealViewPB/Timer.o
 .debug_info    0x000023d7       0xa7 ./build/lib/standardLib.o
 .debug_info    0x0000247e      0x2ca ./build/lib/standardIO.o
 .debug_info    0x00002748       0x67 ./build/lib/ARMcpu.o

.debug_abbrev   0x00000000      0x99e
 .debug_abbrev  0x00000000       0x14 ./build/Entry.os
 .debug_abbrev  0x00000014       0x6f ./build/boot/Handler.o
 .debug_abbrev  0x00000083      0x10a ./build/boot/main.o
 .debug_abbrev  0x0000018d      0x1be ./build/HAL/RealViewPB/Interrupt.o
 .debug_abbrev  0x0000034b      0x121 ./build/HAL/RealViewPB/Registers.o
 .debug_abbrev  0x0000046c      0x1c8 ./build/HAL/RealViewPB/Uart.o
 .debug_abbrev  0x00000634      0x160 ./build/HAL/RealViewPB/Timer.o
 .debug_abbrev  0x00000794       0x89 ./build/lib/standardLib.o
 .debug_abbrev  0x0000081d      0x152 ./build/lib/standardIO.o
 .debug_abbrev  0x0000096f       0x2f ./build/lib/ARMcpu.o

.debug_aranges  0x00000000      0x138
 .debug_aranges
                0x00000000       0x20 ./build/Entry.os
 .debug_aranges
                0x00000020       0x20 ./build/boot/Handler.o
 .debug_aranges
                0x00000040       0x20 ./build/boot/main.o
 .debug_aranges
                0x00000060       0x20 ./build/HAL/RealViewPB/Interrupt.o
 .debug_aranges
                0x00000080       0x18 ./build/HAL/RealViewPB/Registers.o
 .debug_aranges
                0x00000098       0x20 ./build/HAL/RealViewPB/Uart.o
 .debug_aranges
                0x000000b8       0x20 ./build/HAL/RealViewPB/Timer.o
 .debug_aranges
                0x000000d8       0x20 ./build/lib/standardLib.o
 .debug_aranges
                0x000000f8       0x20 ./build/lib/standardIO.o
 .debug_aranges
                0x00000118       0x20 ./build/lib/ARMcpu.o

.debug_str      0x00000000      0x9e3
 .debug_str     0x00000000      0x9e3 ./build/Entry.os
                                 0x39 (size before relaxing)
 .debug_str     0x000009e3      0x11e ./build/boot/Handler.o
 .debug_str     0x000009e3      0x1a7 ./build/boot/main.o
 .debug_str     0x000009e3      0x3ca ./build/HAL/RealViewPB/Interrupt.o
 .debug_str     0x000009e3      0x6a6 ./build/HAL/RealViewPB/Registers.o
 .debug_str     0x000009e3      0x48a ./build/HAL/RealViewPB/Uart.o
 .debug_str     0x000009e3      0x29d ./build/HAL/RealViewPB/Timer.o
 .debug_str     0x000009e3      0x11d ./build/lib/standardLib.o
 .debug_str     0x000009e3      0x1e5 ./build/lib/standardIO.o
 .debug_str     0x000009e3       0xb1 ./build/lib/ARMcpu.o

.debug_frame    0x00000000      0x40c
 .debug_frame   0x00000000       0x50 ./build/boot/Handler.o
 .debug_frame   0x00000050       0x84 ./build/boot/main.o
 .debug_frame   0x000000d4       0xb0 ./build/HAL/RealViewPB/Interrupt.o
 .debug_frame   0x00000184       0x8c ./build/HAL/RealViewPB/Uart.o
 .debug_frame   0x00000210       0x70 ./build/HAL/RealViewPB/Timer.o
 .debug_frame   0x00000280       0x30 ./build/lib/standardLib.o
 .debug_frame   0x000002b0       0xac ./build/lib/standardIO.o
 .debug_frame   0x0000035c       0x90 ./build/lib/ARMcpu.o
 .debug_frame   0x000003ec       0x20 /mnt/c/users/luiie/haniosOS/usr/share/arm-gnu-toolchain-13.2.Rel1-x86_64-arm-none-eabi/bin/../lib/gcc/arm-none-eabi/13.2.1/libgcc.a(_udivsi3.o)
