
Memory Configuration

Name             Origin             Length             Attributes
*default*        0x0000000000000000 0xffffffffffffffff

Linker script and memory map

                0x0000000000000000                . = 0x0

.text           0x0000000000000000      0x1b0
 *(vector_start)
 *(.text .rodata)
 .text          0x0000000000000000       0x70 ./build/boot/main.o
                0x0000000000000000                main
 .text          0x0000000000000070        0x0 ./build/HAL/RealViewPB/Registers.o
 .text          0x0000000000000070       0xd4 ./build/HAL/RealViewPB/Uart.o
                0x0000000000000070                HAL_UART_init
                0x00000000000000e8                HAL_UART_put_char
 .text          0x0000000000000144       0x6c ./build/Entry.os
                0x0000000000000144                vector_start
                0x0000000000000160                vector_end

.glue_7         0x00000000000001b0        0x0
 .glue_7        0x00000000000001b0        0x0 linker stubs

.glue_7t        0x00000000000001b0        0x0
 .glue_7t       0x00000000000001b0        0x0 linker stubs

.vfp11_veneer   0x00000000000001b0        0x0
 .vfp11_veneer  0x00000000000001b0        0x0 linker stubs

.v4_bx          0x00000000000001b0        0x0
 .v4_bx         0x00000000000001b0        0x0 linker stubs

.iplt           0x00000000000001b0        0x0
 .iplt          0x00000000000001b0        0x0 ./build/boot/main.o

.rel.dyn        0x00000000000001b0        0x0
 .rel.iplt      0x00000000000001b0        0x0 ./build/boot/main.o

.data           0x00000000000001b0        0x4
 *(.data)
 .data          0x00000000000001b0        0x0 ./build/boot/main.o
 .data          0x00000000000001b0        0x4 ./build/HAL/RealViewPB/Registers.o
                0x00000000000001b0                Uart
 .data          0x00000000000001b4        0x0 ./build/HAL/RealViewPB/Uart.o
 .data          0x00000000000001b4        0x0 ./build/Entry.os

.igot.plt       0x00000000000001b4        0x0
 .igot.plt      0x00000000000001b4        0x0 ./build/boot/main.o

.bss            0x00000000000001b4        0x0
 *(.bss)
 .bss           0x00000000000001b4        0x0 ./build/boot/main.o
 .bss           0x00000000000001b4        0x0 ./build/HAL/RealViewPB/Registers.o
 .bss           0x00000000000001b4        0x0 ./build/HAL/RealViewPB/Uart.o
 .bss           0x00000000000001b4        0x0 ./build/Entry.os
LOAD ./build/boot/main.o
LOAD ./build/HAL/RealViewPB/Registers.o
LOAD ./build/HAL/RealViewPB/Uart.o
LOAD ./build/Entry.os
OUTPUT(./build/hanios.axf elf32-littlearm)
LOAD linker stubs

.debug_info     0x0000000000000000     0x1359
 .debug_info    0x0000000000000000      0x102 ./build/boot/main.o
 .debug_info    0x0000000000000102      0x8f1 ./build/HAL/RealViewPB/Registers.o
 .debug_info    0x00000000000009f3      0x942 ./build/HAL/RealViewPB/Uart.o
 .debug_info    0x0000000000001335       0x24 ./build/Entry.os

.debug_abbrev   0x0000000000000000      0x324
 .debug_abbrev  0x0000000000000000       0xc5 ./build/boot/main.o
 .debug_abbrev  0x00000000000000c5      0x101 ./build/HAL/RealViewPB/Registers.o
 .debug_abbrev  0x00000000000001c6      0x14a ./build/HAL/RealViewPB/Uart.o
 .debug_abbrev  0x0000000000000310       0x14 ./build/Entry.os

.debug_aranges  0x0000000000000000       0x78
 .debug_aranges
                0x0000000000000000       0x20 ./build/boot/main.o
 .debug_aranges
                0x0000000000000020       0x18 ./build/HAL/RealViewPB/Registers.o
 .debug_aranges
                0x0000000000000038       0x20 ./build/HAL/RealViewPB/Uart.o
 .debug_aranges
                0x0000000000000058       0x20 ./build/Entry.os

.debug_line     0x0000000000000000      0x4c2
 .debug_line    0x0000000000000000      0x17a ./build/boot/main.o
 .debug_line    0x000000000000017a      0x14c ./build/HAL/RealViewPB/Registers.o
 .debug_line    0x00000000000002c6      0x198 ./build/HAL/RealViewPB/Uart.o
 .debug_line    0x000000000000045e       0x64 ./build/Entry.os

.debug_str      0x0000000000000000      0x44e
 .debug_str     0x0000000000000000      0x10e ./build/boot/main.o
                                        0x153 (size before relaxing)
 .debug_str     0x000000000000010e      0x30d ./build/HAL/RealViewPB/Registers.o
                                        0x40b (size before relaxing)
 .debug_str     0x000000000000041b       0x16 ./build/HAL/RealViewPB/Uart.o
                                        0x438 (size before relaxing)
 .debug_str     0x0000000000000431       0x1d ./build/Entry.os
                                         0x39 (size before relaxing)

.comment        0x0000000000000000       0x44
 .comment       0x0000000000000000       0x44 ./build/boot/main.o
                                         0x45 (size before relaxing)
 .comment       0x0000000000000044       0x45 ./build/HAL/RealViewPB/Registers.o
 .comment       0x0000000000000044       0x45 ./build/HAL/RealViewPB/Uart.o

.ARM.attributes
                0x0000000000000000       0x2d
 .ARM.attributes
                0x0000000000000000       0x2f ./build/boot/main.o
 .ARM.attributes
                0x000000000000002f       0x2f ./build/HAL/RealViewPB/Registers.o
 .ARM.attributes
                0x000000000000005e       0x2f ./build/HAL/RealViewPB/Uart.o
 .ARM.attributes
                0x000000000000008d       0x1d ./build/Entry.os

.debug_frame    0x0000000000000000       0x9c
 .debug_frame   0x0000000000000000       0x4c ./build/boot/main.o
 .debug_frame   0x000000000000004c       0x50 ./build/HAL/RealViewPB/Uart.o

.debug_line_str
                0x0000000000000000       0x2b
 .debug_line_str
                0x0000000000000000       0x2b ./build/Entry.os
